[2026-07-15 20:15:51] === Alpha Terminal QA Health Check Started ===
[2026-07-15 20:15:51] Environment: QA (port 9099)
[2026-07-15 20:15:51] API Base: http://localhost:9099
[2026-07-15 20:15:51] ✅ Health Check: HTTP 200
[2026-07-15 20:15:51] ✅ Dashboard: HTTP 200
[2026-07-15 20:15:51] ✅ OMON Page: HTTP 200
[2026-07-15 20:15:51] ✅ Options Screener: HTTP 200
[2026-07-15 20:15:51] ✅ Financial Analysis: HTTP 200
[2026-07-15 20:15:51] ✅ Ratio Analysis: HTTP 200
[2026-07-15 20:15:51] ✅ Prediction: HTTP 200
[2026-07-15 20:15:51] ❌ Quotes API: Invalid JSON or missing field '.status'
[2026-07-15 20:15:51] ❌ Chart API: Invalid JSON or missing field '.status'
[2026-07-15 20:15:52] ❌ Ratio API: Invalid JSON or missing field '.status'
[2026-07-15 20:15:53] ❌ SEC Financials: Invalid JSON or missing field '.status'
[2026-07-15 20:15:54] ❌ Options Chain: Invalid JSON or missing field '.status'
[2026-07-15 20:15:56] ❌ Option Screener: Invalid JSON or missing field '.status'
[2026-07-15 20:15:56] ❌ Expirations: Invalid JSON or missing field '.status'
[2026-07-15 20:15:56] ❌ Estimates: Invalid JSON or missing field '.status'
[2026-07-15 20:15:56] ❌ Predictions: Invalid JSON or missing field '.status'
[2026-07-15 20:15:56] ❌ ETF Holdings: Invalid JSON or missing field '.status'
[2026-07-15 20:15:56] ❌ News Top: Invalid JSON or missing field '.status'
[2026-07-15 20:15:57] ❌ News CN: Invalid JSON or missing field '.status'
[2026-07-15 20:15:57] === Checking Other Services ===
[2026-07-15 20:15:57] ❌ Alpha Terminal PROD: HTTP 000000 (expected 200)
[2026-07-15 20:15:57] ℹ️ Alpha Terminal PROD: Not running (expected if not started)
[2026-07-15 20:15:57] ❌ NS-1: HTTP 000000 (expected 200)
[2026-07-15 20:15:57] ℹ️ NS-1: Not running
[2026-07-15 20:15:57] ❌ NS-3 Backend: HTTP 000000 (expected 200)
[2026-07-15 20:15:57] ℹ️ NS-3 Backend: Not running
[2026-07-15 20:15:57] ❌ NS-4: HTTP 000000 (expected 200)
[2026-07-15 20:15:57] ℹ️ NS-4: Not running
[2026-07-15 20:15:57] ❌ Portal: HTTP 000000 (expected 200)
[2026-07-15 20:15:57] ℹ️ Portal: Not running
[2026-07-15 20:15:57] === Health Check Complete ===
[2026-07-15 20:15:57] Failed checks: 12
[2026-07-15 20:15:57] ⚠️  12 check(s) FAILED
[2026-07-15 20:17:31] === Alpha Terminal QA Health Check Started ===
[2026-07-15 20:17:31] Environment: QA (port 9099)
[2026-07-15 20:17:31] API Base: http://localhost:9099
[2026-07-15 20:17:31] ✅ Health Check: HTTP 200
[2026-07-15 20:17:31] ✅ Dashboard: HTTP 200
[2026-07-15 20:17:31] ✅ OMON Page: HTTP 200
[2026-07-15 20:17:31] ✅ Options Screener: HTTP 200
[2026-07-15 20:17:31] ✅ Financial Analysis: HTTP 200
[2026-07-15 20:17:31] ✅ Ratio Analysis: HTTP 200
[2026-07-15 20:17:31] ✅ Prediction: HTTP 200
[2026-07-15 20:17:32] ✅ Quotes API: JSON valid
[2026-07-15 20:17:32] ✅ Chart API: JSON valid
[2026-07-15 20:17:32] ✅ Ratio API: JSON valid
[2026-07-15 20:17:33] ✅ SEC Financials: JSON valid
[2026-07-15 20:17:34] ✅ Options Chain: JSON valid
[2026-07-15 20:17:35] ✅ Option Screener: JSON valid
[2026-07-15 20:17:35] ✅ Expirations: JSON valid
[2026-07-15 20:17:36] ✅ Estimates: JSON valid
[2026-07-15 20:17:36] ✅ Predictions: JSON valid
[2026-07-15 20:17:36] ✅ ETF Holdings: JSON valid
[2026-07-15 20:17:36] ❌ News Top: Invalid JSON or missing field '.[0]'
[2026-07-15 20:17:36] ✅ News CN: JSON valid
[2026-07-15 20:17:36] === Checking Other Services ===
[2026-07-15 20:17:36] ❌ Alpha Terminal PROD: HTTP 000000 (expected 200)
[2026-07-15 20:17:36] ℹ️ Alpha Terminal PROD: Not running (expected if not started)
[2026-07-15 20:17:36] ❌ NS-1: HTTP 000000 (expected 200)
[2026-07-15 20:17:36] ℹ️ NS-1: Not running
[2026-07-15 20:17:36] ❌ NS-3 Backend: HTTP 000000 (expected 200)
[2026-07-15 20:17:36] ℹ️ NS-3 Backend: Not running
[2026-07-15 20:17:36] ❌ NS-4: HTTP 000000 (expected 200)
[2026-07-15 20:17:36] ℹ️ NS-4: Not running
[2026-07-15 20:17:36] ❌ Portal: HTTP 000000 (expected 200)
[2026-07-15 20:17:36] ℹ️ Portal: Not running
[2026-07-15 20:17:36] === Health Check Complete ===
[2026-07-15 20:17:36] Failed checks: 1
[2026-07-15 20:17:36] ⚠️  1 check(s) FAILED
[2026-07-15 20:17:52] === Alpha Terminal QA Health Check Started ===
[2026-07-15 20:17:52] Environment: QA (port 9099)
[2026-07-15 20:17:52] API Base: http://localhost:9099
[2026-07-15 20:17:52] ✅ Health Check: HTTP 200
[2026-07-15 20:17:52] ✅ Dashboard: HTTP 200
[2026-07-15 20:17:52] ✅ OMON Page: HTTP 200
[2026-07-15 20:17:52] ✅ Options Screener: HTTP 200
[2026-07-15 20:17:52] ✅ Financial Analysis: HTTP 200
[2026-07-15 20:17:52] ✅ Ratio Analysis: HTTP 200
[2026-07-15 20:17:52] ✅ Prediction: HTTP 200
[2026-07-15 20:17:52] ✅ Quotes API: JSON valid
[2026-07-15 20:17:52] ✅ Chart API: JSON valid
[2026-07-15 20:17:53] ✅ Ratio API: JSON valid
[2026-07-15 20:17:53] ✅ SEC Financials: JSON valid
[2026-07-15 20:17:54] ✅ Options Chain: JSON valid
[2026-07-15 20:17:54] ✅ Option Screener: JSON valid
[2026-07-15 20:17:54] ✅ Expirations: JSON valid
[2026-07-15 20:17:54] ✅ Estimates: JSON valid
[2026-07-15 20:17:54] ✅ Predictions: JSON valid
[2026-07-15 20:17:54] ✅ ETF Holdings: JSON valid
[2026-07-15 20:17:54] ✅ News Top: JSON valid
[2026-07-15 20:17:54] ✅ News CN: JSON valid
[2026-07-15 20:17:54] === Checking Other Services ===
[2026-07-15 20:17:54] ❌ Alpha Terminal PROD: HTTP 000000 (expected 200)
[2026-07-15 20:17:54] ℹ️ Alpha Terminal PROD: Not running (expected if not started)
[2026-07-15 20:17:54] ❌ NS-1: HTTP 000000 (expected 200)
[2026-07-15 20:17:54] ℹ️ NS-1: Not running
[2026-07-15 20:17:55] ❌ NS-3 Backend: HTTP 000000 (expected 200)
[2026-07-15 20:17:55] ℹ️ NS-3 Backend: Not running
[2026-07-15 20:17:55] ❌ NS-4: HTTP 000000 (expected 200)
[2026-07-15 20:17:55] ℹ️ NS-4: Not running
[2026-07-15 20:17:55] ❌ Portal: HTTP 000000 (expected 200)
[2026-07-15 20:17:55] ℹ️ Portal: Not running
[2026-07-15 20:17:55] === Health Check Complete ===
[2026-07-15 20:17:55] Failed checks: 0
[2026-07-15 20:17:55] 🎉 All critical checks PASSED
[2026-07-15 20:18:46] === Alpha Terminal QA Health Check Started ===
[2026-07-15 20:18:46] Environment: QA (port 9099)
[2026-07-15 20:18:46] API Base: http://localhost:9099
[2026-07-15 20:18:46] ✅ Health Check: HTTP 200
[2026-07-15 20:18:46] ✅ Dashboard: HTTP 200
[2026-07-15 20:18:46] ✅ OMON Page: HTTP 200
[2026-07-15 20:18:46] ✅ Options Screener: HTTP 200
[2026-07-15 20:18:46] ✅ Financial Analysis: HTTP 200
[2026-07-15 20:18:46] ✅ Ratio Analysis: HTTP 200
[2026-07-15 20:18:46] ✅ Prediction: HTTP 200
[2026-07-15 20:18:46] ✅ Quotes API: JSON valid
[2026-07-15 20:18:46] ✅ Chart API: JSON valid
[2026-07-15 20:18:47] ✅ Ratio API: JSON valid
[2026-07-15 20:18:47] ✅ SEC Financials: JSON valid
[2026-07-15 20:18:48] ✅ Options Chain: JSON valid
[2026-07-15 20:18:50] ✅ Option Screener: JSON valid
[2026-07-15 20:18:50] ✅ Expirations: JSON valid
[2026-07-15 20:18:50] ✅ Estimates: JSON valid
[2026-07-15 20:18:50] ✅ Predictions: JSON valid
[2026-07-15 20:18:50] ✅ ETF Holdings: JSON valid
[2026-07-15 20:18:50] ✅ News Top: JSON valid
[2026-07-15 20:18:50] ✅ News CN: JSON valid
[2026-07-15 20:18:50] === Checking Other Services ===
[2026-07-15 20:18:50] ❌ Alpha Terminal PROD: HTTP 000000 (expected 200)
[2026-07-15 20:18:50] ℹ️ Alpha Terminal PROD: Not running (expected if not started)
[2026-07-15 20:18:50] ❌ NS-1: HTTP 000000 (expected 200)
[2026-07-15 20:18:50] ℹ️ NS-1: Not running
[2026-07-15 20:18:50] ❌ NS-3 Backend: HTTP 000000 (expected 200)
[2026-07-15 20:18:50] ℹ️ NS-3 Backend: Not running
[2026-07-15 20:18:50] ❌ NS-4: HTTP 000000 (expected 200)
[2026-07-15 20:18:50] ℹ️ NS-4: Not running
[2026-07-15 20:18:50] ❌ Portal: HTTP 000000 (expected 200)
[2026-07-15 20:18:50] ℹ️ Portal: Not running
[2026-07-15 20:18:50] === Health Check Complete ===
[2026-07-15 20:18:50] Failed checks: 0
[2026-07-15 20:18:50] 🎉 All critical checks PASSED
